// Vitest Snapshot v1, https://vitest.dev/guide/snapshot.html

exports[`Prose > ProseA 1`] = `"<a href="https://example.com" rel="noopener noreferrer" target="_blank" class="font-bold text-(--ui-primary) hover:underline">リンク</a>"`;

exports[`Prose > ProseCode 1`] = `"<code class="px-1.5 py-1 rounded-md text-sm font-bold text-(--ui-text-highlighted) border-1 border-(--ui-border-muted) bg-(--ui-bg-elevated)">インラインコード</code>"`;

exports[`Prose > ProseH1 1`] = `"<h1 class="mb-6 mt-12 scroll-mt-20 text-3xl font-bold text-(--ui-text-highlighted)">見出し1</h1>"`;

exports[`Prose > ProseH2 1`] = `"<h2 class="mb-6 mt-12 scroll-mt-20 text-2xl font-bold text-(--ui-text-highlighted)">見出し2</h2>"`;

exports[`Prose > ProseH3 1`] = `"<h3 class="mb-5 mt-8 scroll-mt-20 text-xl font-bold text-(--ui-text-highlighted)">見出し3</h3>"`;

exports[`Prose > ProseLi 1`] = `"<li class="my-1 ps-1.5">リストアイテム</li>"`;

exports[`Prose > ProseP 1`] = `"<p class="my-5">段落</p>"`;

exports[`Prose > ProsePre 1`] = `"<pre data-v-9e2b543c="" class="prose-pre my-6 overflow-x-auto border border-(--ui-border-muted) rounded-md bg-(--ui-bg-muted) px-4 py-3">コードブロック</pre>"`;

exports[`Prose > ProseUl 1`] = `"<ul class="my-2 list-disc list-outside ps-6">リスト</ul>"`;
