// Vitest Snapshot v1, https://vitest.dev/guide/snapshot.html

exports[`HomeTop > スナップショット 1`] = `
"<div class="flex items-center justify-between sm:flex-row-reverse">
  <!-- left start -->
  <div>
    <h1 class="mb-2 text-4xl font-bold sm:text-center text-(--ui-text-highlighted)"> Sumomo </h1>
    <div class="flex gap-x-4"><a href="https://github.com/sumomo015" rel="noopener noreferrer" target="_blank" class="flex items-center gap-x-2 hover:opacity-60 transition-opacity duration-250"><span class="iconify i-simple-icons:github size-5" aria-hidden="true"></span>
        <div>GitHub</div>
      </a><a href="https://bsky.app/profile/sumomo015.dev" rel="noopener noreferrer" target="_blank" class="flex items-center gap-x-2 hover:opacity-60 transition-opacity duration-250"><span class="iconify i-simple-icons:bluesky size-5" aria-hidden="true"></span>
        <div>Bluesky</div>
      </a></div>
  </div><!-- left end -->
  <!-- right start --><img alt="Sumomo's icon" data-nuxt-img="" sizes="(max-width: 640px) 96px, 256px" srcset="/_ipx/f_avif&amp;q_75&amp;w_96/images/icon.png 96w, /_ipx/f_avif&amp;q_75&amp;w_192/images/icon.png 192w, /_ipx/f_avif&amp;q_75&amp;w_256/images/icon.png 256w, /_ipx/f_avif&amp;q_75&amp;w_512/images/icon.png 512w" class="size-24 sm:size-64" src="/_ipx/f_avif&amp;q_75&amp;w_512/images/icon.png"><!-- right end -->
</div>"
`;
